2026-05-03 05:47:16.979 | INFO     | __main__:run:55 - Holdout: 430,810 rows  churn=18.755%
2026-05-03 05:47:18.396 | INFO     | __main__:run:95 - Holdout ROC-AUC=0.9330  PR-AUC=0.7071  Brier=0.1119
2026-05-03 05:47:18.396 | INFO     | __main__:run:100 - Youden threshold=0.501  F1=0.679  P=0.537  R=0.923
2026-05-03 05:47:18.396 | INFO     | __main__:run:106 - Metrics saved → /Users/apple/Desktop/Moroccan_Prepaid_Churn_End_to_End_MLOps_Pipeline/models/eval_metrics.json
2026-05-03 05:49:00.026 | INFO     | __main__:run:78 - Loading raw data…
2026-05-03 05:49:06.278 | INFO     | __main__:run:91 - Loaded  train=2,154,048 rows  test=380,127 rows  (6.3s)
2026-05-03 05:49:06.278 | INFO     | __main__:run:97 - Fitting FeaturePipeline on train…
2026-05-03 05:49:14.296 | INFO     | __main__:run:106 - Pipeline fit complete (8.0s)
2026-05-03 05:49:14.297 | INFO     | __main__:run:109 - Transforming test set…
2026-05-03 05:49:14.877 | INFO     | __main__:run:113 - Final feature count: 44
2026-05-03 05:49:26.340 | INFO     | __main__:run:121 - 
                        null_rate  pct_zero  spearman_with_churn
is_inactive                   0.0  0.782531               0.5396
REGION_missing                0.0  0.605720               0.5383
REGULARITY                    0.0  0.000000              -0.5278
regularity_rate               0.0  0.000000              -0.5278
REVENUE_missing               0.0  0.662938               0.4796
FREQUENCE_missing             0.0  0.662938               0.4796
has_calls                     0.0  0.340966              -0.4788
MONTANT_missing               0.0  0.648690               0.4787
FREQUENCE_RECH_missing        0.0  0.648690               0.4787
REGION_te                     0.0  0.000000               0.4780
n_services_absent             0.0  0.006120               0.4709
is_ghost_subscriber           0.0  0.592923               0.4589
ON_NET_missing                0.0  0.634792               0.4578
total_calls                   0.0  0.340966              -0.4475
n_active_call_types           0.0  0.340966              -0.4473
2026-05-03 05:49:26.341 | INFO     | __main__:run:130 - Saving features to parquet…
2026-05-03 05:49:29.173 | INFO     | __main__:run:154 - Saved: train_features.parquet (2,154,048 rows × 44 cols), test_features.parquet (380,127 rows)
2026-05-03 05:49:29.173 | INFO     | __main__:run:194 - Feature engineering complete in 29.1s
2026-05-03 05:49:33.926 | INFO     | __main__:train:240 - Features loaded: 2,154,048 rows × 44 cols  churn rate=18.755%
2026-05-03 05:49:33.927 | INFO     | __main__:train:253 - Class ratio: 1750062 neg / 403986 pos  scale_pos_weight=4.33
2026-05-03 05:49:33.929 | INFO     | __main__:train:272 - CV scoring logistic_regression…
2026-05-03 05:49:45.625 | DEBUG    | __main__:_cv_score:196 -   [logistic_regression] fold 1: ROC-AUC=0.9277  PR-AUC=0.6874
2026-05-03 05:49:59.426 | DEBUG    | __main__:_cv_score:196 -   [logistic_regression] fold 2: ROC-AUC=0.9286  PR-AUC=0.6909
2026-05-03 05:50:11.068 | DEBUG    | __main__:_cv_score:196 -   [logistic_regression] fold 3: ROC-AUC=0.9281  PR-AUC=0.6885
2026-05-03 05:50:23.814 | DEBUG    | __main__:_cv_score:196 -   [logistic_regression] fold 4: ROC-AUC=0.9286  PR-AUC=0.6899
2026-05-03 05:50:35.206 | DEBUG    | __main__:_cv_score:196 -   [logistic_regression] fold 5: ROC-AUC=0.9290  PR-AUC=0.6927
2026-05-03 05:50:35.208 | INFO     | __main__:_cv_score:210 - [logistic_regression] CV ROC-AUC=0.9284 ± 0.0005  PR-AUC=0.6899  (61.3s)
2026-05-03 05:50:35.227 | INFO     | __main__:train:272 - CV scoring xgboost…
2026-05-03 05:52:02.038 | DEBUG    | __main__:_cv_score:196 -   [xgboost] fold 1: ROC-AUC=0.9306  PR-AUC=0.7004
2026-05-03 05:53:25.715 | DEBUG    | __main__:_cv_score:196 -   [xgboost] fold 2: ROC-AUC=0.9319  PR-AUC=0.7055
2026-05-03 05:54:45.098 | DEBUG    | __main__:_cv_score:196 -   [xgboost] fold 3: ROC-AUC=0.9311  PR-AUC=0.7033
2026-05-03 05:56:05.907 | DEBUG    | __main__:_cv_score:196 -   [xgboost] fold 4: ROC-AUC=0.9317  PR-AUC=0.7043
