2026-05-18 09:39:24.536 | INFO     | __main__:run:78 - Loading raw data…
2026-05-18 09:39:30.550 | INFO     | __main__:run:91 - Loaded  train=2,154,048 rows  test=380,127 rows  (6.0s)
2026-05-18 09:39:30.550 | INFO     | __main__:run:97 - Fitting FeaturePipeline on train…
2026-05-18 09:39:38.732 | INFO     | __main__:run:113 - Pipeline fit complete (8.2s)
2026-05-18 09:39:38.732 | INFO     | __main__:run:116 - Transforming test set…
2026-05-18 09:39:39.293 | INFO     | __main__:run:120 - Final feature count: 38
2026-05-18 09:39:49.509 | INFO     | __main__:run:128 - 
                     null_rate  pct_zero  spearman_with_churn
is_inactive                0.0  0.782531               0.5396
REGION_missing             0.0  0.605720               0.5383
regularity_rate            0.0  0.000000              -0.5278
REVENUE_missing            0.0  0.662938               0.4796
has_calls                  0.0  0.340966              -0.4788
MONTANT_missing            0.0  0.648690               0.4787
REGION_te                  0.0  0.000000               0.4780
n_services_absent          0.0  0.006120               0.4709
is_ghost_subscriber        0.0  0.592923               0.4589
ON_NET_missing             0.0  0.634792               0.4578
total_calls                0.0  0.340966              -0.4475
n_active_call_types        0.0  0.340966              -0.4473
ORANGE_missing             0.0  0.584388               0.4468
TOP_PACK_missing           0.0  0.580978               0.4446
FREQ_TOP_PACK              0.0  0.419022              -0.4180
2026-05-18 09:39:49.510 | INFO     | __main__:run:137 - Saving features to parquet…
2026-05-18 09:39:52.105 | INFO     | __main__:run:161 - Saved: train_features.parquet (2,154,048 rows × 38 cols), test_features.parquet (380,127 rows)
2026-05-18 09:39:52.105 | INFO     | __main__:run:201 - Feature engineering complete in 27.6s
2026-05-18 09:39:59.379 | INFO     | __main__:train:289 - Features loaded: 2,154,048 rows × 38 cols  churn rate=18.755%
2026-05-18 09:39:59.381 | INFO     | __main__:train:302 - Class ratio: 1750062 neg / 403986 pos  scale_pos_weight=4.33
2026-05-18 09:39:59.381 | INFO     | __main__:train:321 - CV scoring logistic_regression…
2026-05-18 09:40:11.669 | DEBUG    | __main__:_cv_score:236 -   [logistic_regression] fold 1: ROC-AUC=0.9277  PR-AUC=0.6875
2026-05-18 09:40:22.760 | DEBUG    | __main__:_cv_score:236 -   [logistic_regression] fold 2: ROC-AUC=0.9287  PR-AUC=0.6909
2026-05-18 09:40:34.434 | DEBUG    | __main__:_cv_score:236 -   [logistic_regression] fold 3: ROC-AUC=0.9281  PR-AUC=0.6888
2026-05-18 09:40:45.639 | DEBUG    | __main__:_cv_score:236 -   [logistic_regression] fold 4: ROC-AUC=0.9286  PR-AUC=0.6899
2026-05-18 09:40:56.346 | DEBUG    | __main__:_cv_score:236 -   [logistic_regression] fold 5: ROC-AUC=0.9290  PR-AUC=0.6926
2026-05-18 09:40:56.348 | INFO     | __main__:_cv_score:250 - [logistic_regression] CV ROC-AUC=0.9284 ± 0.0005  PR-AUC=0.6900  (57.0s)
2026-05-18 09:40:56.366 | INFO     | __main__:train:321 - CV scoring xgboost…
2026-05-18 09:41:45.728 | DEBUG    | __main__:_cv_score:236 -   [xgboost] fold 1: ROC-AUC=0.9307  PR-AUC=0.7004
2026-05-18 09:42:38.137 | DEBUG    | __main__:_cv_score:236 -   [xgboost] fold 2: ROC-AUC=0.9320  PR-AUC=0.7056
2026-05-18 09:43:30.822 | DEBUG    | __main__:_cv_score:236 -   [xgboost] fold 3: ROC-AUC=0.9312  PR-AUC=0.7033
2026-05-18 09:44:26.386 | DEBUG    | __main__:_cv_score:236 -   [xgboost] fold 4: ROC-AUC=0.9318  PR-AUC=0.7044
2026-05-18 09:45:17.159 | DEBUG    | __main__:_cv_score:236 -   [xgboost] fold 5: ROC-AUC=0.9320  PR-AUC=0.7059
2026-05-18 09:45:17.162 | INFO     | __main__:_cv_score:250 - [xgboost] CV ROC-AUC=0.9315 ± 0.0005  PR-AUC=0.7039  (260.8s)
2026-05-18 09:45:17.182 | INFO     | __main__:train:321 - CV scoring lightgbm…
2026-05-18 09:45:28.456 | DEBUG    | __main__:_cv_score:236 -   [lightgbm] fold 1: ROC-AUC=0.9301  PR-AUC=0.6990
2026-05-18 09:45:39.019 | DEBUG    | __main__:_cv_score:236 -   [lightgbm] fold 2: ROC-AUC=0.9314  PR-AUC=0.7044
2026-05-18 09:45:49.601 | DEBUG    | __main__:_cv_score:236 -   [lightgbm] fold 3: ROC-AUC=0.9306  PR-AUC=0.7020
2026-05-18 09:46:00.805 | DEBUG    | __main__:_cv_score:236 -   [lightgbm] fold 4: ROC-AUC=0.9311  PR-AUC=0.7026
2026-05-18 09:46:11.680 | DEBUG    | __main__:_cv_score:236 -   [lightgbm] fold 5: ROC-AUC=0.9314  PR-AUC=0.7046
2026-05-18 09:46:11.682 | INFO     | __main__:_cv_score:250 - [lightgbm] CV ROC-AUC=0.9309 ± 0.0005  PR-AUC=0.7025  (54.5s)
2026-05-18 09:46:11.695 | INFO     | __main__:train:321 - CV scoring catboost…
2026-05-18 09:49:00.069 | DEBUG    | __main__:_cv_score:236 -   [catboost] fold 1: ROC-AUC=0.9307  PR-AUC=0.7006
2026-05-18 09:53:06.646 | DEBUG    | __main__:_cv_score:236 -   [catboost] fold 2: ROC-AUC=0.9320  PR-AUC=0.7057
2026-05-18 09:57:28.548 | DEBUG    | __main__:_cv_score:236 -   [catboost] fold 3: ROC-AUC=0.9313  PR-AUC=0.7035
2026-05-18 10:02:10.389 | DEBUG    | __main__:_cv_score:236 -   [catboost] fold 4: ROC-AUC=0.9318  PR-AUC=0.7040
2026-05-18 10:05:38.872 | DEBUG    | __main__:_cv_score:236 -   [catboost] fold 5: ROC-AUC=0.9320  PR-AUC=0.7059
2026-05-18 10:05:38.877 | INFO     | __main__:_cv_score:250 - [catboost] CV ROC-AUC=0.9316 ± 0.0005  PR-AUC=0.7040  (1167.3s)
2026-05-18 10:05:38.901 | INFO     | __main__:train:327 - 
Best model: catboost  ROC-AUC=0.9316 ± 0.0005
2026-05-18 10:05:38.901 | INFO     | __main__:train:333 - Refitting catboost on full training set…
2026-05-18 10:10:49.083 | INFO     | __main__:train:337 - Refit complete (310.1s)
2026-05-18 10:10:49.121 | INFO     | __main__:train:367 - Saved: /Users/apple/Desktop/Moroccan_Prepaid_Churn_End_to_End_MLOps_Pipeline/models/best_model.pkl  /Users/apple/Desktop/Moroccan_Prepaid_Churn_End_to_End_MLOps_Pipeline/models/training_manifest.json
2026-05-18 10:10:56.442 | INFO     | __main__:run:73 - Holdout: 430,810 rows  churn=18.755%
2026-05-18 10:10:57.815 | INFO     | __main__:run:113 - Holdout ROC-AUC=0.9330  PR-AUC=0.7071  Brier=0.1120
2026-05-18 10:10:57.815 | INFO     | __main__:run:118 - Youden threshold=0.496  F1=0.678  P=0.535  R=0.925
2026-05-18 10:10:57.815 | INFO     | __main__:run:124 - Metrics saved → /Users/apple/Desktop/Moroccan_Prepaid_Churn_End_to_End_MLOps_Pipeline/models/eval_metrics.json
2026-05-18 10:10:59.549 | INFO     | __main__:run:149 - MLflow run: 6b4ddc251d4a456b84964e329576d2c8
2026-05-18 10:13:28.038 | INFO     | src.api.dependencies:load_artifacts:53 - Artifacts loaded: model=catboost  features=38
2026-05-18 10:13:28.039 | INFO     | src.api.app:lifespan:54 - API ready
2026-05-18 10:16:34.037 | DEBUG    | src.api.app:predict:170 - Scored 1 subscribers  threshold=0.5  flagged=0
2026-05-18 10:27:19.791 | INFO     | src.api.dependencies:load_artifacts:53 - Artifacts loaded: model=catboost  features=38
2026-05-18 10:27:19.792 | INFO     | src.api.app:lifespan:54 - API ready
2026-05-18 10:35:57.586 | INFO     | src.api.dependencies:load_artifacts:53 - Artifacts loaded: model=catboost  features=38
2026-05-18 10:35:57.586 | INFO     | src.api.app:lifespan:54 - API ready
2026-05-18 10:41:35.857 | INFO     | src.api.dependencies:load_artifacts:53 - Artifacts loaded: model=catboost  features=38
2026-05-18 10:41:35.858 | INFO     | src.api.app:lifespan:54 - API ready
2026-05-18 11:23:47.445 | INFO     | src.api.dependencies:load_artifacts:53 - Artifacts loaded: model=catboost  features=38
2026-05-18 11:23:47.445 | INFO     | src.api.app:lifespan:54 - API ready
2026-05-18 11:34:49.329 | INFO     | src.api.dependencies:load_artifacts:53 - Artifacts loaded: model=catboost  features=38
2026-05-18 11:34:49.330 | INFO     | src.api.app:lifespan:54 - API ready
2026-05-18 11:34:51.332 | INFO     | src.api.dependencies:load_artifacts:53 - Artifacts loaded: model=catboost  features=38
2026-05-18 11:34:51.332 | INFO     | src.api.app:lifespan:54 - API ready
2026-05-18 11:36:53.316 | DEBUG    | src.api.app:predict:170 - Scored 1 subscribers  threshold=0.5  flagged=0
