2026-04-29 04:33:34.356 | INFO     | __main__:run:78 - Loading raw data…
2026-04-29 04:33:40.725 | INFO     | __main__:run:91 - Loaded  train=2,154,048 rows  test=380,127 rows  (6.4s)
2026-04-29 04:33:40.726 | INFO     | __main__:run:97 - Fitting FeaturePipeline on train…
2026-04-29 04:33:48.731 | INFO     | __main__:run:106 - Pipeline fit complete (8.0s)
2026-04-29 04:33:48.731 | INFO     | __main__:run:109 - Transforming test set…
2026-04-29 04:33:49.308 | INFO     | __main__:run:113 - Final feature count: 44
2026-04-29 04:34:01.056 | INFO     | __main__:run:121 - 
                        null_rate  pct_zero  spearman_with_churn
is_inactive                   0.0  0.782531               0.5396
REGION_missing                0.0  0.605720               0.5383
REGULARITY                    0.0  0.000000              -0.5278
regularity_rate               0.0  0.000000              -0.5278
REVENUE_missing               0.0  0.662938               0.4796
FREQUENCE_missing             0.0  0.662938               0.4796
has_calls                     0.0  0.340966              -0.4788
MONTANT_missing               0.0  0.648690               0.4787
FREQUENCE_RECH_missing        0.0  0.648690               0.4787
REGION_te                     0.0  0.000000               0.4780
n_services_absent             0.0  0.006120               0.4709
is_ghost_subscriber           0.0  0.592923               0.4589
ON_NET_missing                0.0  0.634792               0.4578
total_calls                   0.0  0.340966              -0.4475
n_active_call_types           0.0  0.340966              -0.4473
2026-04-29 04:34:01.057 | INFO     | __main__:run:128 - Saving features to parquet…
2026-04-29 04:34:04.952 | INFO     | __main__:run:152 - Saved: train_features.parquet (2,154,048 rows × 44 cols), test_features.parquet (380,127 rows)
2026-04-29 04:34:05.488 | INFO     | __main__:run:187 - MLflow run logged: 83d624778e2f4ff494b38b3debfe1c88
2026-04-29 04:34:05.489 | INFO     | __main__:run:190 - Feature engineering complete in 31.1s
